------------------------------------------------------------
TimeQuest Timing Analyzer Summary
------------------------------------------------------------

Type  : Slow Model Setup 'clockDIV:newClock|state.01'
Slack : -16.173
TNS   : -30542.522

Type  : Slow Model Setup 'clk'
Slack : -1.488
TNS   : -12.178

Type  : Slow Model Hold 'clk'
Slack : -2.680
TNS   : -4.920

Type  : Slow Model Hold 'clockDIV:newClock|state.01'
Slack : 0.391
TNS   : 0.000

Type  : Slow Model Minimum Pulse Width 'clk'
Slack : -1.380
TNS   : -11.380

Type  : Slow Model Minimum Pulse Width 'clockDIV:newClock|state.01'
Slack : -0.500
TNS   : -7075.000

Type  : Fast Model Setup 'clockDIV:newClock|state.01'
Slack : -6.394
TNS   : -10859.250

Type  : Fast Model Setup 'clk'
Slack : -0.165
TNS   : -0.684

Type  : Fast Model Hold 'clk'
Slack : -1.672
TNS   : -3.190

Type  : Fast Model Hold 'clockDIV:newClock|state.01'
Slack : 0.215
TNS   : 0.000

Type  : Fast Model Minimum Pulse Width 'clk'
Slack : -1.380
TNS   : -11.380

Type  : Fast Model Minimum Pulse Width 'clockDIV:newClock|state.01'
Slack : -0.500
TNS   : -7075.000

------------------------------------------------------------
